$ ls /nonexistent /tmp > stdout.txt 2> stderr.txt
$ head -n 8 stdout.txt
/tmp:
00
0021c146-98db-4f9e-9c49-651c12b83f17.tmp
01
0152d80c-bc47-4921-9843-3318959c5ece.tmp
02
02kwl3wq.qq1
03
$ cat stderr.txt
ls: cannot access '/nonexistent': No such file or directory
$ ls /nonexistent /tmp > both.txt 2>&1
$ head -n 10 both.txt
ls: cannot access '/nonexistent': No such file or directory
/tmp:
00
0021c146-98db-4f9e-9c49-651c12b83f17.tmp
01
0152d80c-bc47-4921-9843-3318959c5ece.tmp
02
02kwl3wq.qq1
03
04
